Intervals for category "Program"
================================
__________________Tag_|______________From_|_____________Until_|_Duration_
gnome-terminal-server | 09/20/15 14:24:03 | 09/20/15 14:25:22 |    1m19s
            Navigator | 09/20/15 14:25:22 | 09/20/15 14:26:22 |    1m00s
            Navigator | 09/20/15 14:49:31 | 09/20/15 14:55:41 |    6m10s
gnome-terminal-server | 09/20/15 14:55:41 | 09/20/15 14:56:31 |      50s
gnome-terminal-server | 09/20/15 18:51:47 | 09/20/15 18:52:17 |      30s
            Navigator | 09/20/15 18:52:17 | 09/20/15 18:52:37 |      20s
            Navigator | 09/20/15 18:53:15 | 09/20/15 18:53:55 |      40s
gnome-terminal-server | 09/20/15 18:53:55 | 09/20/15 18:54:25 |      30s
