Total time per tag
==================
____________Tag_|___Time_|_Percentage_
arbtt-afternoon |  2m00s |      66.67
  arbtt-morning |  1m00s |      33.33
